// Jest Snapshot v1, https://goo.gl/fbAQLP

exports[`<ContactBookIndex /> renders correctly the component 1`] = `
<DocumentFragment>
  <div
    class="row"
  >
    <div
      class="d-flex justify-content-between align-items-center flex-column flex-md-row mb-5"
    >
      <h2>
        contactBooksIndex.title
      </h2>
      <button
        class="mt-md-0 mt-2 btn btn-primary"
        data-testid="contact-book-add-btn"
        type="button"
      >
        contactBooksIndex.addOther
      </button>
    </div>
    <div
      class="mb-4"
    >
      <input
        placeholder="contactBooksIndex.search"
      />
    </div>
    <div
      class="mb-4 col-md-3 col-sm-6 col-12"
      data-testid="contact-book-1"
    >
      <div
        class="platform-card card"
      >
        <div
          class="d-flex justify-content-between flex-column card-body"
        >
          <div
            class="d-flex"
          >
            <svg
              class="mt-1 me-2 platform-card-book-icon"
              fill="currentColor"
              height="1em"
              stroke="currentColor"
              stroke-width="0"
              viewBox="0 0 16 16"
              width="1em"
              xmlns="http://www.w3.org/2000/svg"
            >
              <path
                d="M6 1h6v7a.5.5 0 0 1-.757.429L9 7.083 6.757 8.43A.5.5 0 0 1 6 8V1z"
                fill-rule="evenodd"
              />
              <path
                d="M3 0h10a2 2 0 0 1 2 2v12a2 2 0 0 1-2 2H3a2 2 0 0 1-2-2v-1h1v1a1 1 0 0 0 1 1h10a1 1 0 0 0 1-1V2a1 1 0 0 0-1-1H3a1 1 0 0 0-1 1v1H1V2a2 2 0 0 1 2-2z"
              />
              <path
                d="M1 5v-.5a.5.5 0 0 1 1 0V5h.5a.5.5 0 0 1 0 1h-2a.5.5 0 0 1 0-1H1zm0 3v-.5a.5.5 0 0 1 1 0V8h.5a.5.5 0 0 1 0 1h-2a.5.5 0 0 1 0-1H1zm0 3v-.5a.5.5 0 0 1 1 0v.5h.5a.5.5 0 0 1 0 1h-2a.5.5 0 0 1 0-1H1z"
              />
            </svg>
            <h5
              class="platform-card-text"
            >
              test
            </h5>
          </div>
          <div
            class="d-flex justify-content-end mt-2 platform-card-icons "
          >
            <svg
              class="platform-card-icon"
              data-testid="contact-book-card-edit-icon"
              fill="currentColor"
              height="1em"
              role="button"
              stroke="currentColor"
              stroke-width="0"
              viewBox="0 0 16 16"
              width="1em"
              xmlns="http://www.w3.org/2000/svg"
            >
              <path
                d="M15.502 1.94a.5.5 0 0 1 0 .706L14.459 3.69l-2-2L13.502.646a.5.5 0 0 1 .707 0l1.293 1.293zm-1.75 2.456-2-2L4.939 9.21a.5.5 0 0 0-.121.196l-.805 2.414a.25.25 0 0 0 .316.316l2.414-.805a.5.5 0 0 0 .196-.12l6.813-6.814z"
              />
              <path
                d="M1 13.5A1.5 1.5 0 0 0 2.5 15h11a1.5 1.5 0 0 0 1.5-1.5v-6a.5.5 0 0 0-1 0v6a.5.5 0 0 1-.5.5h-11a.5.5 0 0 1-.5-.5v-11a.5.5 0 0 1 .5-.5H9a.5.5 0 0 0 0-1H2.5A1.5 1.5 0 0 0 1 2.5v11z"
                fill-rule="evenodd"
              />
            </svg>
            <svg
              class="ms-2 platform-card-icon"
              data-testid="contact-book-card-delete-icon"
              fill="currentColor"
              height="1em"
              role="button"
              stroke="currentColor"
              stroke-width="0"
              viewBox="0 0 16 16"
              width="1em"
              xmlns="http://www.w3.org/2000/svg"
            >
              <path
                d="M2.5 1a1 1 0 0 0-1 1v1a1 1 0 0 0 1 1H3v9a2 2 0 0 0 2 2h6a2 2 0 0 0 2-2V4h.5a1 1 0 0 0 1-1V2a1 1 0 0 0-1-1H10a1 1 0 0 0-1-1H7a1 1 0 0 0-1 1H2.5zm3 4a.5.5 0 0 1 .5.5v7a.5.5 0 0 1-1 0v-7a.5.5 0 0 1 .5-.5zM8 5a.5.5 0 0 1 .5.5v7a.5.5 0 0 1-1 0v-7A.5.5 0 0 1 8 5zm3 .5v7a.5.5 0 0 1-1 0v-7a.5.5 0 0 1 1 0z"
              />
            </svg>
          </div>
        </div>
      </div>
    </div>
  </div>
</DocumentFragment>
`;
