// Jest Snapshot v1, https://goo.gl/fbAQLP

exports[`<ContactCard /> renders correctly the component 1`] = `
<DocumentFragment>
  <div
    class="card"
  >
    <div
      class="card-body"
    >
      <h2>
        First Second
      </h2>
      <div
        class="mb-4"
      >
        <small
          class="text-secondary"
        >
          contactsShow.email
        </small>
        <h5>
          Test email
        </h5>
        <small
          class="text-secondary"
        >
          contactsShow.phone
        </small>
        <h5>
          Test phone
        </h5>
      </div>
    </div>
  </div>
</DocumentFragment>
`;
